d: 0 Endptr: "a 1 hello"
d: 1 Endptr: " hello"
d: 1 Endptr: " hello 2"
d: 10.123 Endptr: ""
d: 10.123 Endptr: ""
d: -5.3 Endptr: ""
d: 16.071044921875 Endptr: ""
d: 1.13671875 Endptr: ""
d: 3.12890625 Endptr: ""
