Is set before? 1
Amount of things ready: 1
Is set after? 1
