percent: %
string: String
char: c
char: þ
int: -16
uint: 32
hex: beef
HEX: C0FFEE
string: end
len of previous write: 94
