2, { sa: 12, ia: 345, ib: 0, ic: 0, fa: 0, da: 0, ptr: 0x0, char: a, string:  }
3, { sa: 12, ia: 18, ib: 837, ic: 8, fa: 0, da: 0, ptr: 0x0, char: a, string:  }
2, { sa: 12, ia: 18, ib: 837, ic: 8, fa: 0.10000000149011612, da: 0.2, ptr: 0x0, char: a, string:  }
1, { sa: 12, ia: 18, ib: 837, ic: 8, fa: 0.10000000149011612, da: 0.2, ptr: 0xabcdef, char: a, string:  }
1, { sa: 12, ia: 18, ib: 837, ic: 8, fa: 0.10000000149011612, da: 0.2, ptr: 0xabcdef, char: a, string: Hello }
1, { sa: 12, ia: 15, ib: 837, ic: 8, fa: 0.10000000149011612, da: 0.2, ptr: 0xabcdef, char: a, string: Hello }
2, { sa: 12, ia: 15, ib: 837, ic: 8, fa: 0.10000000149011612, da: 0.2, ptr: 0xabcdef, char: h, string: elllo }
1, { sa: 12, ia: 0, ib: 8, ic: 8, fa: 0.10000000149011612, da: 0.2, ptr: 0xabcdef, char: h, string: elllo }
0, { sa: 12, ia: 0, ib: 8, ic: 8, fa: 0.10000000149011612, da: 0.2, ptr: 0xabcdef, char: h, string: elllo }
